// Jest Snapshot v1, https://goo.gl/fbAQLP

exports[`Feedback Graph should match snapshot 1`] = `
<div>
  <div
    class="min-h-screen flex flex-col items-stretch"
  >
    <header
      class="w-full sticky top-0 z-10 shadow bg-white sm:h-20 py-4 sm:py-0 h-auto flex items-center transition-all duration-500"
    >
      <div
        class="container mx-auto flex flex-wrap justify-between"
      >
        <div>
          <a
            class="font-bold text-2xl"
            href="/"
          >
            FEEDr.
          </a>
        </div>
        <nav
          class="gap-4 sm:w-auto w-full flex justify-between"
        >
          <a
            class="btn-plain"
            href="/"
          >
            Give feedback
          </a>
          <a
            class="btn-plain"
            href="/view-feedback"
          >
            View feedback
          </a>
        </nav>
      </div>
    </header>
    <main
      class="flex-grow"
    >
      <div
        class="flex flex-col items-center text-center container mx-auto py-24"
      >
        <h1
          class="font-semibold font-serif text-4xl text-neutral-400 mb-8"
        >
          500 | Oops!
        </h1>
        <p>
          Sorry ðŸ˜”, It's not you, it's us. Something's gone wrong on our end.
          <br />
          <a
            class="underline decoration-amber-800"
            href="/"
          >
            We should be back shortly
          </a>
        </p>
      </div>
    </main>
  </div>
</div>
`;
