// Jest Snapshot v1, https://goo.gl/fbAQLP

exports[`Feedback Graph should match snapshot 1`] = `<div />`;
