// Jest Snapshot v1, https://goo.gl/fbAQLP

exports[`Feedback Graph should match snapshot 1`] = `
<div>
  <header
    class="w-full sticky top-0 z-10 shadow bg-white sm:h-20 py-4 sm:py-0 h-auto flex items-center transition-all duration-500"
  >
    <div
      class="container mx-auto flex flex-wrap justify-between"
    >
      <div>
        <a
          class="font-bold text-2xl"
          href="/"
        >
          FEEDr.
        </a>
      </div>
      <nav
        class="gap-4 sm:w-auto w-full flex justify-between"
      >
        <a
          class="btn-plain"
          href="/"
        >
          Give feedback
        </a>
        <a
          class="btn-plain"
          href="/view-feedback"
        >
          View feedback
        </a>
      </nav>
    </div>
  </header>
</div>
`;
